
> monster_lead_gen@0.1.0 build
> next build

node.exe : ΓÜá Warning: Next.js 
inferred your workspace root, but it 
may not be correct.
At C:\Program Files\nodejs\npm.ps1:29 
char:3
+   & $NODE_EXE $NPM_CLI_JS $args
+   ~~~~~~~~~~~~~~~~~~~~~~~~~~~~~
    + CategoryInfo          : NotSpec 
   ified: (ΓÜá Warning: Ne...not be   
  correct.:String) [], RemoteExcept   
 ion
    + FullyQualifiedErrorId : NativeC 
   ommandError
 
 We detected multiple lockfiles and 
selected the directory of 
C:\Users\chri6\package-lock.json as 
the root directory.
 To silence this warning, set 
`turbopack.root` in your Next.js 
config, or consider removing one of 
the lockfiles if it's not needed.
   See https://nextjs.org/docs/app/api
-reference/config/next-config-js/turbo
pack#root-directory for more 
information.
 Detected additional lockfiles: 
   * C:\Users\chri6\OneDrive\Desktop\m
onster_lead_gen-main\package-lock.json

Γû▓ Next.js 16.2.1 (Turbopack)
- Environments: .env.local

ΓÜá The "middleware" file convention 
is deprecated. Please use "proxy" 
instead. Learn more: https://nextjs.or
g/docs/messages/middleware-to-proxy
  Creating an optimized production build ...

> Build error occurred
Error: Turbopack build failed with 1 
errors:
./OneDrive/Desktop/monster_lead_gen-ma
in/lib/emailService.ts:93:14
Unterminated template
  [90m 91 |[0m   [36mtry[0m {
  [90m 92 |[0m     [36mconst[0m 
result = [36mawait[0m 
resendObject.emails.send({
[31m[1m>[0m [90m 93 |[0m       
[36mfrom[0m: \[32m`Lead Monster 
<\${resendFrom}>\`,[0m
  [90m    |[0m              [31m[1
m^^^^^^^^^^^^^^^^^^^^^^^^^^^^^^^^[0m
[31m[1m>[0m [90m 94 |[0m [32m   
   to,[0m
  [90m    |[0m 
[31m[1m^^^^^^^^^[0m
[31m[1m>[0m [90m 95 |[0m [32m   
   subject,[0m
  [90m    |[0m 
[31m[1m^^^^^^^^^^^^^^[0m
[31m[1m>[0m [90m 96 |[0m [32m   
   html[0m
  [90m    |[0m 
[31m[1m^^^^^^^^^^[0m
[31m[1m>[0m [90m 97 |[0m [32m   
 });[0m
  [90m    |[0m [31m[1m^^^^^^^[0m
[31m[1m>[0m [90m 98 |[0m [32m   
 [0m
  [90m    |[0m [31m[1m^^^^[0m
[31m[1m>[0m [90m 99 |[0m [32m   
 if (result.error) {[0m
  [90m    |[0m 
[31m[1m^^^^^^^^^^^^^^^^^^^^^^^[0m
[31m[1m>[0m [90m100 |[0m [32m   
   console.error("[Email Error] 
Failed to send receipt:", 
result.error);[0m
  [90m    |[0m [31m[1m^^^^^^^^^^^^
^^^^^^^^^^^^^^^^^^^^^^^^^^^^^^^^^^^^^^
^^^^^^^^^^^^^^^^^^^^^^^^^[0m
[31m[1m>[0m [90m101 |[0m [32m   
   return false;[0m
  [90m    |[0m 
[31m[1m^^^^^^^^^^^^^^^^^^^[0m
[31m[1m>[0m [90m102 |[0m [32m   
 }[0m
  [90m    |[0m [31m[1m^^^^^[0m
[31m[1m>[0m [90m103 |[0m [32m   
 return true;[0m
  [90m    |[0m 
[31m[1m^^^^^^^^^^^^^^^^[0m
[31m[1m>[0m [90m104 |[0m [32m  
} catch (err) {[0m
  [90m    |[0m 
[31m[1m^^^^^^^^^^^^^^^^^[0m
[31m[1m>[0m [90m105 |[0m [32m   
 console.error("[Email Exception] 
Resend crashed:", err);[0m
  [90m    |[0m [31m[1m^^^^^^^^^^^^
^^^^^^^^^^^^^^^^^^^^^^^^^^^^^^^^^^^^^^
^^^^^^^^^^[0m
[31m[1m>[0m [90m106 |[0m [32m   
 return false;[0m
  [90m    |[0m 
[31m[1m^^^^^^^^^^^^^^^^^[0m
[31m[1m>[0m [90m107 |[0m [32m  
}[0m
  [90m    |[0m [31m[1m^^^[0m
[31m[1m>[0m [90m108 |[0m 
[32m}[0m
  [90m    |[0m [31m[1m^[0m
[31m[1m>[0m [90m109 |[0m
  [90m    |[0m [31m[1m^[0m

Parsing ecmascript source code failed

Import trace:
  App Route:
    ./OneDrive/Desktop/monster_lead_ge
n-main/lib/emailService.ts
    ./OneDrive/Desktop/monster_lead_ge
n-main/app/api/stripe/webhook/route.ts


    at <unknown> (./OneDrive/Desktop/m
onster_lead_gen-main/lib/emailService.
ts:93:14)
